clk_int_1 clk ibuf_proxy_out {$auto$clkbufmap.cc:247:execute$1918} {$auto$clkbufmap.cc:247:execute$1920}
