{$auto$clkbufmap.cc:247:execute$1918} {$auto$clkbufmap.cc:247:execute$1920} clk clk2 clk_int_1 ibuf_proxy_out middle_inst_1.clk_int middle_inst_4.clk
