
*inter* cells quiet
bottom_intermediate_inst.OBUF_8

*inter* cells
bottom_intermediate_inst.OBUF_8

*inter* cells with invalid filter expression
bottom_intermediate_inst.OBUF_8

Filtered cells
OBUFTDS_2

All cells
{$abc$2135$lut$not$aiger2134$1} {$auto$alumacc.cc:485:replace_alu$1469.slice[0].carry4_1st_full} {$auto$alumacc.cc:485:replace_alu$1469.slice[0].plug} {$auto$alumacc.cc:485:replace_alu$1469.slice[1].carry4_full} {$auto$alumacc.cc:485:replace_alu$1469.slice[1].plug} {$auto$alumacc.cc:485:replace_alu$1469.slice[2].carry4_full} {$auto$alumacc.cc:485:replace_alu$1469.slice[2].plug} {$auto$alumacc.cc:485:replace_alu$1469.slice[3].carry4_full} {$auto$alumacc.cc:485:replace_alu$1469.slice[3].plug} {$auto$alumacc.cc:485:replace_alu$1469.slice[4].carry4_full} {$auto$alumacc.cc:485:replace_alu$1469.slice[4].plug} {$auto$alumacc.cc:485:replace_alu$1469.slice[5].carry4_full} {$auto$alumacc.cc:485:replace_alu$1469.slice[5].plug} {$auto$alumacc.cc:485:replace_alu$1469.slice[6].carry4_part} {$auto$simplemap.cc:420:simplemap_dff$1476} {$auto$simplemap.cc:420:simplemap_dff$1477} {$auto$simplemap.cc:420:simplemap_dff$1478} {$auto$simplemap.cc:420:simplemap_dff$1479} {$auto$simplemap.cc:420:simplemap_dff$1480} {$auto$simplemap.cc:420:simplemap_dff$1481} {$auto$simplemap.cc:420:simplemap_dff$1482} {$auto$simplemap.cc:420:simplemap_dff$1483} {$auto$simplemap.cc:420:simplemap_dff$1484} {$auto$simplemap.cc:420:simplemap_dff$1485} {$auto$simplemap.cc:420:simplemap_dff$1486} {$auto$simplemap.cc:420:simplemap_dff$1487} {$auto$simplemap.cc:420:simplemap_dff$1488} {$auto$simplemap.cc:420:simplemap_dff$1489} {$auto$simplemap.cc:420:simplemap_dff$1490} {$auto$simplemap.cc:420:simplemap_dff$1491} {$auto$simplemap.cc:420:simplemap_dff$1492} {$auto$simplemap.cc:420:simplemap_dff$1493} {$auto$simplemap.cc:420:simplemap_dff$1494} {$auto$simplemap.cc:420:simplemap_dff$1495} {$auto$simplemap.cc:420:simplemap_dff$1496} {$auto$simplemap.cc:420:simplemap_dff$1497} {$auto$simplemap.cc:420:simplemap_dff$1498} {$auto$simplemap.cc:420:simplemap_dff$1499} {$auto$simplemap.cc:420:simplemap_dff$1500} {$auto$simplemap.cc:420:simplemap_dff$1501} {$iopadmap$top.clk} OBUFTDS_2 OBUF_6 OBUF_7 OBUF_OUT bottom_inst.OBUF_10 bottom_inst.OBUF_11 bottom_inst.OBUF_9 bottom_intermediate_inst.OBUF_8
